Location of words are in (col, row) format
AQUARIUS found at (10, 11) NW
ARIES found at (2, 9) N
ASPECT found at (1, 12) E
ASTROLOGY found at (12, 4) S
BIRTHCHART found at (14, 7) W
CANCER found at (9, 4) S
CAPRICORN found at (1, 10) NE
CELESTIALMAP found at (5, 12) N
COSMOGRAM found at (1, 1) S
ECLIPTIC found at (10, 2) SW
GEMINI found at (10, 10) SW
JUPITER found at (3, 1) E
LIBRA found at (6, 15) W
MARS found at (8, 5) E
MERCURY found at (6, 3) E
PISCES found at (8, 13) W
PLANETS found at (1, 11) E
PREDICTIONS found at (11, 13) NW
SAGITTARIUS found at (13, 15) N
SATURN found at (11, 5) S
SCORPIO found at (13, 15) W
TAURUS found at (15, 4) SW
VIRGO found at (14, 14) N